Microchip MPLAB XC8 Compiler V2.32

Linker command line:

-W-3 --edf=D:\Program Files\Microchip\xc8\v2.32\pic\dat\en_msgs.txt -cn \
  -h+dist/default/production\guck.X.production.sym \
  --cmf=dist/default/production\guck.X.production.cmf -z -Q16F628A \
  -oC:\Users\Quentin\AppData\Local\Temp\xcAs1i8.4 --defsym=__MPLAB_BUILD=1 \
  -Mdist/default/production/guck.X.production.map -E1 -ver=XC8 Compiler \
  --acfsm=1493 -ASTACK=0A0h-0EFh -pstack=STACK -ACODE=00h-07FFh \
  -ASTRCODE=00h-07FFh -ASTRING=00h-0FFhx8 -ACONST=00h-0FFhx8 \
  -AENTRY=00h-0FFhx8 -ACOMMON=070h-07Fh -ABANK0=020h-06Fh -ABANK1=0A0h-0EFh \
  -ABANK2=0120h-014Fh -ARAM=020h-06Fh,0A0h-0EFh,0120h-014Fh \
  -AABS1=020h-07Fh,0A0h-0EFh,0120h-014Fh -ASFR0=00h-01Fh -ASFR1=080h-09Fh \
  -ASFR2=0100h-011Fh -ASFR3=0180h-01EFh -ACONFIG=02007h-02007h -DCONFIG=2 \
  -AIDLOC=02000h-02003h -DIDLOC=2 -AEEDATA=00h-07Fh/02100h \
  -peeprom_data=EEDATA -DEEDATA=2 -DCODE=2 -DSTRCODE=2 -DSTRING=2 -DCONST=2 \
  -DENTRY=2 -preset_vec=00h,intentry,init,end_init -ppowerup=CODE \
  -pcinit=CODE -pfunctab=ENTRY -k \
  C:\Users\Quentin\AppData\Local\Temp\xcAs1i8.o \
  dist/default/production\guck.X.production.o 

Object code version is 3.11

Machine type is 16F628A



                Name                               Link     Load   Length Selector   Space Scale
C:\Users\Quentin\AppData\Local\Temp\xcAs1i8.o
                end_init                              0        0        1        0       0
                config                             2007     2007        1        0       4
dist/default/production\guck.X.production.o
                cinit                               7FE      7FE        2      FFC       0
                config                             2007     2007        1        0       4
                text7                               610      610       59      C20       0
                text6                               583      583       46      B06       0
                text5                               534      534        B      A68       0
                text4                               5C9      5C9       47      B92       0
                text3                               54C      54C       16      A98       0
                text2                               562      562       21      AC4       0
                text1                               53F      53F        D      A7E       0
                maintext                            669      669      195      CD2       0
                cstackBANK0                          20       20       1B       20       1
                cstackCOMMON                         70       70        A       70       1
                strings                               1        1        A        2       0

TOTAL           Name                               Link     Load   Length     Space
        CLASS   STACK          

        CLASS   CODE           
                end_init                              0        0        1         0
                cinit                               7FE      7FE        2         0
                text7                               610      610       59         0
                text6                               583      583       46         0
                text5                               534      534        B         0
                text4                               5C9      5C9       47         0
                text3                               54C      54C       16         0
                text2                               562      562       21         0
                text1                               53F      53F        D         0
                maintext                            669      669      195         0

        CLASS   STRCODE        

        CLASS   STRING         
                strings                               1        1        A         0

        CLASS   CONST          

        CLASS   ENTRY          

        CLASS   COMMON         
                cstackCOMMON                         70       70        A         1

        CLASS   BANK0          
                cstackBANK0                          20       20       1B         1

        CLASS   BANK1          

        CLASS   BANK2          

        CLASS   RAM            

        CLASS   ABS1           
                abs_s1                               7E       7E        2         1

        CLASS   SFR0           

        CLASS   SFR1           

        CLASS   SFR2           

        CLASS   SFR3           

        CLASS   CONFIG         
                config                             2007     2007        1         4

        CLASS   IDLOC          

        CLASS   EEDATA         

        CLASS   BANK3          



SEGMENTS        Name                           Load    Length   Top    Selector   Space  Class     Delta

                reset_vec                      000000  000001  000001         0       0  CODE        2
                strings                        000001  00000A  00000B         2       0  STRING      2
                cstackBANK0                    000020  00001B  00003B        20       1  BANK0       1
                cstackCOMMON                   000070  00000A  00007A        70       1  COMMON      1
                text5                          000534  00000B  00053F       A68       0  CODE        2
                text1                          00053F  00000D  00054C       A7E       0  CODE        2
                text3                          00054C  000016  000562       A98       0  CODE        2
                text2                          000562  000021  000583       AC4       0  CODE        2
                text6                          000583  000046  0005C9       B06       0  CODE        2
                text4                          0005C9  000047  000610       B92       0  CODE        2
                text7                          000610  000059  000669       C20       0  CODE        2
                maintext                       000669  000195  0007FE       CD2       0  CODE        2
                cinit                          0007FE  000002  000800       FFC       0  CODE        2


UNUSED ADDRESS RANGES

        Name                Unused          Largest block    Delta
        BANK0            003B-006F             35           1
        BANK1            00A0-00EF             50           1
        BANK2            0120-014F             30           1
        CODE             000B-0533            529           2
        COMMON           007A-007D              4           1
        CONST            000B-0533            100           2
        EEDATA           2100-217F             80           2
        ENTRY            000B-0533            100           2
        IDLOC            2000-2003              4           2
        RAM              003B-006F             35           1
                         00A0-00EF             50
                         0120-014F             30
        SFR0             0000-001F             20           1
        SFR1             0080-009F             20           1
        SFR2             0100-011F             20           1
        SFR3             0180-01EF             70           1
        STACK            00A0-00EF             50           1
        STRCODE          000B-0533            529           2
        STRING           000B-0533            100           2

                                  Symbol Table

?___awmod                      cstackCOMMON 0070
_CCP1M2                        (abs)        00BA
_CCP1M3                        (abs)        00BB
_CCP1X                         (abs)        00BD
_CCP1Y                         (abs)        00BC
_CCPR1L                        (abs)        0015
_CMCONbits                     (abs)        001F
_PR2                           (abs)        0092
_RA1                           (abs)        0029
_RA2                           (abs)        002A
_RA3                           (abs)        002B
_RB0                           (abs)        0030
_RB1                           (abs)        0031
_RB4                           (abs)        0034
_T2CKPS0                       (abs)        0090
_T2CKPS1                       (abs)        0091
_TMR2ON                        (abs)        0092
_TRISA1                        (abs)        0429
_TRISA2                        (abs)        042A
_TRISA3                        (abs)        042B
_TRISB0                        (abs)        0430
_TRISB1                        (abs)        0431
_TRISB3                        (abs)        0433
_TRISB4                        (abs)        0434
__Habs1                        abs1         0000
__Hbank0                       bank0        0000
__Hbank1                       bank1        0000
__Hbank2                       bank2        0000
__Hbank3                       bank3        0000
__Hcinit                       cinit        0800
__Hclrtext                     clrtext      0000
__Hcode                        code         0000
__Hcommon                      common       0000
__Hconfig                      config       2008
__HcstackBANK0                 cstackBANK0  0000
__HcstackCOMMON                cstackCOMMON 0000
__Heeprom_data                 eeprom_data  0000
__Hend_init                    end_init     0001
__Hfunctab                     functab      0000
__Hinit                        init         0000
__Hintentry                    intentry     0000
__Hmaintext                    maintext     0000
__Hpowerup                     powerup      0000
__Hram                         ram          0000
__Hreset_vec                   reset_vec    0000
__Hsfr0                        sfr0         0000
__Hsfr1                        sfr1         0000
__Hsfr2                        sfr2         0000
__Hsfr3                        sfr3         0000
__Hspace_0                     (abs)        0800
__Hspace_1                     (abs)        007A
__Hspace_2                     (abs)        0000
__Hspace_3                     (abs)        0000
__Hspace_4                     (abs)        400F
__Hstack                       stack        0000
__Hstrings                     strings      0000
__Htext                        text         0000
__Labs1                        abs1         0000
__Lbank0                       bank0        0000
__Lbank1                       bank1        0000
__Lbank2                       bank2        0000
__Lbank3                       bank3        0000
__Lcinit                       cinit        07FE
__Lclrtext                     clrtext      0000
__Lcode                        code         0000
__Lcommon                      common       0000
__Lconfig                      config       0000
__LcstackBANK0                 cstackBANK0  0000
__LcstackCOMMON                cstackCOMMON 0000
__Leeprom_data                 eeprom_data  0000
__Lend_init                    end_init     0000
__Lfunctab                     functab      0000
__Linit                        init         0000
__Lintentry                    intentry     0000
__Lmaintext                    maintext     0000
__Lpowerup                     powerup      0000
__Lram                         ram          0000
__Lreset_vec                   reset_vec    0000
__Lsfr0                        sfr0         0000
__Lsfr1                        sfr1         0000
__Lsfr2                        sfr2         0000
__Lsfr3                        sfr3         0000
__Lspace_0                     (abs)        0000
__Lspace_1                     (abs)        0000
__Lspace_2                     (abs)        0000
__Lspace_3                     (abs)        0000
__Lspace_4                     (abs)        0000
__Lstack                       stack        0000
__Lstrings                     strings      0000
__Ltext                        text         0000
__S0                           (abs)        0800
__S1                           (abs)        007A
__S2                           (abs)        0000
__S3                           (abs)        0000
___awmod                       text7        0610
___awmod@counter               cstackCOMMON 0075
___awmod@dividend              cstackCOMMON 0072
___awmod@divisor               cstackCOMMON 0070
___awmod@sign                  cstackCOMMON 0076
___int_sp                      stack        0000
___latbits                     (abs)        0000
___sp                          stack        0000
___stackhi                     (abs)        0000
___stacklo                     (abs)        0000
__end_of___awmod               text7        0669
__end_of__initialization       cinit        07FE
__end_of__stringtab            strings      0007
__end_of_deploy                text6        05C9
__end_of_gotoIdleState         text5        053F
__end_of_gotoLockedState       text1        054C
__end_of_lock                  text4        0610
__end_of_main                  maintext     07FE
__end_of_notifyCommandAck      text3        0562
__end_of_notifyStateChanged    text2        0583
__end_ofdeploy@val             strings      000B
__end_oflock@val               strings      0009
__initialization               cinit        07FE
__pcstackBANK0                 cstackBANK0  0020
__pcstackCOMMON                cstackCOMMON 0070
__pmaintext                    maintext     0669
__pstrings                     strings      0001
__ptext1                       text1        053F
__ptext2                       text2        0562
__ptext3                       text3        054C
__ptext4                       text4        05C9
__ptext5                       text5        0534
__ptext6                       text6        0583
__ptext7                       text7        0610
__size_of___awmod              (abs)        0000
__size_of_deploy               (abs)        0000
__size_of_gotoIdleState        (abs)        0000
__size_of_gotoLockedState      (abs)        0000
__size_of_lock                 (abs)        0000
__size_of_main                 (abs)        0000
__size_of_notifyCommandAck     (abs)        0000
__size_of_notifyStateChanged   (abs)        0000
__stringbase                   strings      0006
__stringtab                    strings      0001
_deploy                        text6        0583
_gotoIdleState                 text5        0534
_gotoLockedState               text1        053F
_lock                          text4        05C9
_main                          maintext     0669
_main$122                      cstackBANK0  0026
_main$124                      cstackBANK0  0027
_nRBPU                         (abs)        040F
_notifyCommandAck              text3        054C
_notifyStateChanged            text2        0562
btemp                          (abs)        007E
deploy@i                       cstackCOMMON 0073
deploy@j                       cstackCOMMON 0071
end_of_initialization          cinit        07FE
gotoIdleState@state            cstackCOMMON 0070
gotoLockedState@state          cstackCOMMON 0076
intlevel0                      functab      0000
intlevel1                      functab      0000
intlevel2                      functab      0000
intlevel3                      functab      0000
intlevel4                      functab      0000
intlevel5                      functab      0000
lock@i                         cstackCOMMON 0074
lock@j                         cstackCOMMON 0072
main@buttonClicked             cstackBANK0  0020
main@buttonClickedEvent        cstackBANK0  0032
main@buttonClickedPendingEvent cstackBANK0  002A
main@buttonLongClickedEvent    cstackBANK0  0034
main@buttonPressedPeriod       cstackBANK0  0028
main@buttonPushed              cstackBANK0  0038
main@buttonReleased            cstackBANK0  0022
main@buttonWasPressed          cstackBANK0  002E
main@closeButton               cstackBANK0  002C
main@delay                     cstackBANK0  0030
main@displayTime               cstackBANK0  0036
main@launchDetected            cstackBANK0  0024
main@state                     cstackBANK0  003A
reset_vec                      reset_vec    0000
start                          init         0000
start_initialization           cinit        07FE
wtemp0                         (abs)        007E


MODULE INFORMATION

Module		Function		Class		Link	Load	Size
shared
		__stringtab    		STRING         	0001	0000	6
		__initialization		CODE           	07FE	0000	1
		lock@val       		STRING         	0000	0000	0
		deploy@val     		STRING         	0000	0000	0

shared estimated size: 7

D:\Program Files\Microchip\xc8\v2.32\pic\sources\c90\common\awmod.c
		___awmod       		CODE           	0610	0000	89

D:\Program Files\Microchip\xc8\v2.32\pic\sources\c90\common\awmod.c estimated size: 89

main.c
		_gotoLockedState		CODE           	053F	0000	13
		_lock          		CODE           	05C9	0000	71
		_deploy        		CODE           	0583	0000	70
		_notifyStateChanged		CODE           	0562	0000	33
		_main          		CODE           	0669	0000	405
		_gotoIdleState 		CODE           	0534	0000	11
		_notifyCommandAck		CODE           	054C	0000	22

main.c estimated size: 625

